=== Line 11: SynError 125
=== Line 11: SynError 125
=== Line 11: SynError 125
