=== Line 16: SynError 203
=== Line 17: SynError 203
=== Line 22: SynError 203
=== Line 23: SynError 203
