=== Line 2: SynError 234
=== Line 4: SynError 237
