=== Line 3: SynError 92
=== Line 6: SynError 104
=== Line 11: SynError 95
