VERDADERO
VERDADERO
VERDADERO
VERDADERO
VERDADERO
VERDADERO
VERDADERO
VERDADERO
VERDADERO
VERDADERO
VERDADERO
VERDADERO
VERDADERO
VERDADERO
VERDADERO
VERDADERO

FALSO
FALSO
FALSO
FALSO
FALSO
FALSO
FALSO
FALSO
FALSO
FALSO
FALSO
FALSO
FALSO
FALSO
FALSO
FALSO

FALSO
FALSO
FALSO
FALSO
FALSO
FALSO
FALSO
FALSO
FALSO
FALSO
FALSO
FALSO
FALSO
FALSO
FALSO
FALSO


FALSO
FALSO
FALSO
FALSO
FALSO
FALSO
FALSO
FALSO
FALSO
FALSO
FALSO
FALSO
FALSO
FALSO
FALSO
FALSO

VERDADERO
VERDADERO
VERDADERO
VERDADERO
VERDADERO
VERDADERO
VERDADERO
VERDADERO
VERDADERO
VERDADERO
VERDADERO
VERDADERO
VERDADERO
VERDADERO
VERDADERO
VERDADERO

VERDADERO
VERDADERO
VERDADERO
VERDADERO
VERDADERO
VERDADERO
VERDADERO
VERDADERO
VERDADERO
VERDADERO
VERDADERO
VERDADERO
VERDADERO
VERDADERO
VERDADERO
VERDADERO
