Ingrese la cantidad de datos:
> 4
Ingrese el dato 1:
> 1
Ingrese el dato 2:
> 2
Ingrese el dato 3:
> 3
Ingrese el dato 4:
> 4
El promedio es: 2.5
