0
3.1415926536
0
3.1415926536
=== Line 6: ExeError 312
