1.5707963268
-1.5707963268
1.5707963268
-1.5707963268
=== Line 6: ExeError 312
