=== Line 1: SynError 119
=== Line 9: SynError 118
=== Line 8: SynError 114
=== Line 6: SynError 114
=== Line 5: SynError 115
=== Line 4: SynError 116
=== Line 3: SynError 117
=== Line 2: SynError 119
