VERDADERO FALSO
FALSO VERDADERO
VERDADERO FALSO
FALSO VERDADERO
FALSO VERDADERO
VERDADERO FALSO
VERDADERO FALSO
VERDADERO VERDADERO
FALSO VERDADERO
VERDADERO FALSO
FALSO VERDADERO
VERDADERO FALSO
FALSO VERDADERO
VERDADERO FALSO
VERDADERO FALSO
FALSO VERDADERO
FALSO VERDADERO
VERDADERO FALSO
FALSO VERDADERO
VERDADERO FALSO
VERDADERO FALSO
FALSO VERDADERO
VERDADERO FALSO
FALSO VERDADERO
FALSO VERDADERO
VERDADERO FALSO
FALSO VERDADERO
VERDADERO FALSO
FALSO VERDADERO
VERDADERO FALSO
