=== Line 2: SynError 317
=== Line 3: SynError 319
=== Line 4: SynError 317
=== Line 5: SynError 319
=== Line 6: SynError 317
=== Line 6: SynError 318
=== Line 8: SynError 317
=== Line 8: SynError 318
=== Line 10: SynError 317
=== Line 11: SynError 319
=== Line 12: SynError 317
=== Line 13: SynError 319
=== Line 14: SynError 317
=== Line 14: SynError 318
=== Line 16: SynError 317
=== Line 16: SynError 318
