=== Line 2: SynError 317
=== Line 3: SynError 318
