V VERDADERO
V VERDADERO
V VERDADERO
F FALSO
F FALSO
F FALSO
F FALSO
V VERDADERO
F FALSO
F FALSO
F FALSO
V VERDADERO
V VERDADERO
F FALSO
F FALSO
