=== Line 16: SynError 125
=== Line 17: SynError 125
=== Line 18: SynError 125
=== Line 19: SynError 125
=== Line 20: SynError 125
=== Line 21: SynError 125
=== Line 22: SynError 125
=== Line 23: SynError 125
=== Line 24: SynError 125
=== Line 25: SynError 125
=== Line 26: SynError 125
=== Line 27: SynError 125
=== Line 28: SynError 125
=== Line 29: SynError 125
