=== Line 7: SynError 125
=== Line 8: SynError 125
=== Line 9: SynError 125
=== Line 10: SynError 125
=== Line 11: SynError 125
