=== Line 10: SynError 125
=== Line 11: SynError 125
=== Line 12: SynError 125
=== Line 13: SynError 125
=== Line 14: SynError 125
=== Line 15: SynError 125
=== Line 16: SynError 125
=== Line 17: SynError 125
