***EsperarTecla***
***EsperarTecla***
***EsperarTecla***
***Esperar1***
***Esperar500***
***Esperar1000***
***Esperar2000***
