=== Line 2: SynError 90
=== Line 4: SynError 90
=== Line 6: SynError 101
=== Line 8: SynError 101
=== Line 11: SynError 93
=== Line 13: SynError 93
=== Line 14: SynError 96
=== Line 16: SynError 96
=== Line 18: SynError 63
=== Line 19: SynError 53
=== Line 20: SynError 70
=== Line 20: SynError 72
=== Line 22: SynError 70
=== Line 22: SynError 72
=== Line 24: SynError 70
=== Line 24: SynError 72
=== Line 26: SynError 72
=== Line 28: SynError 78
=== Line 30: SynError 79
=== Line 32: SynError 72
=== Line 34: SynError 258
=== Line 36: SynError 258
=== Line 38: SynError 70
=== Line 38: SynError 259
=== Line 38: SynError 260
=== Line 40: SynError 70
=== Line 40: SynError 260
=== Line 42: SynError 260
