=== Line 2: SynError 305
=== Line 3: SynError 304
=== Line 4: SynError 304
=== Line 5: SynError 233
=== Line 6: SynError 307
=== Line 7: SynError 202
