4321
4281
3681
-4319
-4279
-3679
-3719
3721
4321
4279
3679
-4321
-4281
-3681
-3721
3719
