=== Line 7: SynError 106
=== Line 12: SynError 106
