> VERDADERO
VERDADERO
> V
VERDADERO
> 1
VERDADERO
> 0
FALSO
> FALSO
FALSO
> F
FALSO
> goo
=== Line 21: ExeError 120
