=== Line 2: SynError 105
=== Line 3: SynError 105
