***EsperarTecla***
***EsperarTecla***
***EsperarTecla***
***LimpiarPantalla***
***LimpiarPantalla***
***LimpiarPantalla***
***LimpiarPantalla***
***LimpiarPantalla***
***LimpiarPantalla***
***LimpiarPantalla***
***LimpiarPantalla***
***LimpiarPantalla***
***LimpiarPantalla***
***LimpiarPantalla***
***LimpiarPantalla***
