=== Line 5: SynError 86
=== Line 6: SynError 86
=== Line 7: SynError 285
