=== Line 2: SynError 289
=== Line 3: SynError 289
=== Line 4: SynError 289
=== Line 5: SynError 289
