4
4
-4
-4
4
4
4
4
VERDADERO
VERDADERO
VERDADERO
VERDADERO
VERDADERO
VERDADERO
VERDADERO
VERDADERO
VERDADERO
VERDADERO
VERDADERO
VERDADERO
VERDADERO
VERDADERO
VERDADERO
VERDADERO
VERDADERO
VERDADERO
VERDADERO
VERDADERO
FALSO
FALSO
FALSO
FALSO
FALSO
FALSO
FALSO
FALSO
FALSO
FALSO
FALSO
FALSO
FALSO
FALSO
FALSO
FALSO
FALSO
FALSO
FALSO
FALSO
