=== Line 2: SynError 235
=== Line 3: SynError 235
=== Line 4: SynError 235
