=== Line 8: SynError 234
=== Line 9: SynError 234
=== Line 10: SynError 234
=== Line 11: SynError 234
=== Line 12: SynError 234
=== Line 13: SynError 234
=== Line 14: SynError 234
