=== Line 2: SynError 229
=== Line 3: SynError 239
=== Line 4: SynError 234
=== Line 5: SynError 224
=== Line 5: SynError 234
=== Line 6: SynError 231
=== Line 7: SynError 238
=== Line 8: SynError 238
=== Line 9: SynError 235
=== Line 10: SynError 234
=== Line 11: SynError 230
