=== Line 2: SynError 229
=== Line 3: SynError 224
=== Line 3: SynError 236
=== Line 3: SynError 54
=== Line 3: SynError 54
=== Line 4: SynError 54
=== Line 5: SynError 54
