VERDADERO
VERDADERO
VERDADERO
VERDADERO
VERDADERO
VERDADERO
VERDADERO
VERDADERO
VERDADERO
VERDADERO
VERDADERO
VERDADERO
FALSO
FALSO
FALSO
FALSO
FALSO
FALSO
FALSO
FALSO
FALSO
FALSO
FALSO
FALSO
