=== Line 2: SynError 36
=== Line 3: SynError 35
=== Line 4: SynError 37
