=== Line 4: SynError 268
=== Line 6: SynError 268
=== Line 8: SynError 268
