=== Line 4: SynError 310
=== Line 4: SynError 268
