=== Line 3: SynError 203
=== Line 4: SynError 203
=== Line 5: SynError 203
