=== Line 2: SynError 241
=== Line 4: SynError 295
