1
1
1
1
1

23
23
23
23
23

23
23
23
23
23

4
4
4
4

