=== Line 8: SynError 227
=== Line 9: SynError 227
=== Line 10: SynError 234
=== Line 11: SynError 234
=== Line 12: SynError 227
=== Line 13: SynError 227
