=== Line 18: SynError 1
=== Line 23: SynError 1
=== Line 27: SynError 1
=== Line 31: SynError 1
=== Line 56: SynError 2
=== Line 60: SynError 113
