=== Line 3: SynError 243
=== Line 1: SynError 273
