=== Line 7: SynError 268
=== Line 8: SynError 268
=== Line 9: SynError 264
