=== Line 12: SynError 286
=== Line 13: SynError 279
=== Line 14: SynError 279
