=== Line 6: SynError 86
=== Line 7: SynError 278
=== Line 8: SynError 278
=== Line 9: SynError 265
