=== Line 2: SynError 291
=== Line 3: SynError 291
=== Line 4: SynError 291
